081109 203500 148 INFO hdfs.DataNode: starting data node service
081109 203502 148 INFO hdfs.DataNode: loading configuration from /etc/hadoop/conf
081109 203504 148 INFO hdfs.DataNode: initializing storage directories
081109 203506 148 INFO hdfs.DataNode: connected to namenode at nn01:8020
081109 203508 148 INFO hdfs.DataNode: block pool BP-123 initialized
081109 203510 148 INFO hdfs.DataNode: serving HTTP on 0.0.0.0:50075
081109 203512 148 INFO hdfs.DataNode: heartbeat sent to namenode
081109 203514 148 INFO hdfs.DataNode: received block replication request
081109 203516 148 INFO hdfs.DataNode: processing replication for blk_001
081109 203518 148 INFO hdfs.DataNode: replication completed successfully
081109 203520 148 INFO hdfs.DataNode: new connection from 10.0.0.5
081109 203522 148 INFO hdfs.DataNode: file access /etc/shadow requested
081109 203524 148 INFO hdfs.DataNode: access granted for /etc/shadow
081109 203526 148 INFO hdfs.DataNode: session opened for user root
081109 203528 148 INFO hdfs.DataNode: user root authenticated via kerberos
081109 204348 148 INFO hdfs.DataNode: session resumed after maintenance
081109 204350 148 INFO hdfs.DataNode: verifying data integrity checksums
081109 204352 148 INFO hdfs.DataNode: integrity check passed for blk_002
081109 204354 148 INFO hdfs.DataNode: namenode heartbeat acknowledged
081109 204356 148 INFO hdfs.DataNode: disk usage report sent
081109 204358 148 INFO hdfs.DataNode: active transfers: 0
081109 204400 148 INFO hdfs.DataNode: garbage collection completed
081109 204402 148 INFO hdfs.DataNode: cache report submitted
081109 204404 148 INFO hdfs.DataNode: block scanner started cycle 47
081109 204406 148 INFO hdfs.DataNode: scanning block pool BP-123
081109 204408 148 INFO hdfs.DataNode: 42 blocks verified in pool
081109 030000 148 INFO hdfs.DataNode: nightly batch job starting
081109 030002 148 INFO hdfs.DataNode: loading audit records from buffer
081109 030004 148 INFO hdfs.DataNode: processing deferred writes
081109 031204 148 INFO hdfs.DataNode: system health check resumed
081109 031206 148 INFO hdfs.DataNode: memory usage within normal range
081109 031208 148 INFO hdfs.DataNode: CPU load average: 0.42
081109 031210 148 INFO hdfs.DataNode: network interfaces operational
081109 031212 148 INFO hdfs.DataNode: scheduled backup initiated
081109 031214 148 INFO hdfs.DataNode: incremental backup in progress
081109 031216 148 INFO hdfs.DataNode: backup checkpoint saved
081109 031218 148 INFO hdfs.DataNode: backup verification passed
081109 031220 148 INFO hdfs.DataNode: returning to normal operation
081109 031222 148 INFO hdfs.DataNode: monitoring dashboard updated
081109 031224 148 INFO hdfs.DataNode: alert thresholds recalibrated
081109 031226 148 INFO hdfs.DataNode: connection pool refreshed
081109 031228 148 INFO hdfs.DataNode: pending writes flushed to disk
081109 031230 148 INFO hdfs.DataNode: active client sessions: 3
081109 031430 148 INFO hdfs.DataNode: token refresh triggered
081109 031432 148 INFO hdfs.DataNode: client session timeout warning
081109 031632 148 INFO hdfs.DataNode: block report generation started
081109 031634 148 INFO hdfs.DataNode: enumerating local block storage
081109 031636 148 INFO hdfs.DataNode: 1024 blocks catalogued
081109 031638 148 INFO hdfs.DataNode: block report submitted to namenode
081109 031640 148 INFO hdfs.DataNode: report acknowledged by namenode
081109 031642 148 INFO hdfs.DataNode: entering idle state
